Microsoft (R) Macro Assembler Version 14.29.30138.0	    01/12/22 14:42:12
main.asm						     Page 1 - 1


				INCLUDE Irvine32.inc
			      C ; Include file for Irvine32.lib             (Irvine32.inc)
			      C 
			      C ;OPTION CASEMAP:NONE		; optional: make identifiers case-sensitive
			      C 
			      C INCLUDE SmallWin.inc		; MS-Windows prototypes, structures, and constants
			      C .NOLIST
			      C .LIST
			      C 
			      C INCLUDE VirtualKeys.inc
			      C ; VirtualKeys.inc
			      C .NOLIST
			      C .LIST
			      C 
			      C 
			      C .NOLIST
			      C .LIST
			      C 
				INCLUDE Macros.inc
			      C .NOLIST
			      C .LIST
			      C 
 00000000			.data
 00000000 00000001		    arrayUnRaindomized dd 1,2,3,4,5,6,1,2,3,4,5,6
	   00000002
	   00000003
	   00000004
	   00000005
	   00000006
	   00000001
	   00000002
	   00000003
	   00000004
	   00000005
	   00000006
 00000030 00000007		    array dd 7,7,7,7,7,7,7,7,7,7,7,7
	   00000007
	   00000007
	   00000007
	   00000007
	   00000007
	   00000007
	   00000007
	   00000007
	   00000007
	   00000007
	   00000007
 00000060 4F 4B 00		    MessageOK BYTE "OK",0
 00000063 00000000		    WinTimes DWORD 0
 00000067 00000000		    Num DWORD 0,0
	   00000000
 0000006F 00000000		    i DWORD 0
 00000073 00000000		    j DWORD 0
 00000077 00000000		    First_i DWORD 0
 0000007B 00000000		    First_j DWORD 0
 0000007F 00000000		    isVisible DWORD 0
 00000083 00000000		    Num0 DWORD 0
 00000087 00000000		    Num1 DWORD 0
 0000008B 00000000		    ranNum DWORD ?
 0000008F 00000000		    u DWORD 0
 00000093 FFFFFFFF		    KeyboardSELECT DWORD -1
 00000097 00000000		    r DWORD 0
 0000009B 00000000		    s DWORD 0
 0000009F 00000000		    q DWORD 0
 000000A3 00000000		    g DWORD 0
 000000A7 00000000		    f DWORD 0
 000000AB 00000000		    a DWORD ?
 000000AF 00000000		    b DWORD ?
 000000B3 00000000		    tempValueInArray DWORD 0
 000000B7 00000000		    CurrentCursor DWORD 0
 000000BB 00000000		    tempFirstLocation DWORD 0
 000000BF 00000000		    tempSecondLocation DWORD 0
 000000C3 0000 0008		    XYPos COORD <0,8>
 000000C7 0000 0001		    XYPos1 COORD <0,1>
 000000CB 00000000		    consoleHandle DWORD ?
 00000000			.code
 00000000			RAINDOMIZE PROC
 00000000			L0:
 00000000  E8 00000000 E	    call Randomize ;re-seed generator
 00000005  E8 0000068D		    call RNG    ;0-11 random number in ranNum
 0000000A			L1:
 0000000A  8B 0D 0000008B R	    mov ecx,ranNum
 00000010  8B 0C 8D		    mov ecx,[array+ecx*4]
	   00000030 R
				    .if ecx != 7
 0000001C  E8 00000000 E	        call Randomize ;re-seed generator
 00000021  E8 00000671		        call RNG    ;0-11 random number in ranNum
 00000026  EB E2		        jmp L1
				    .else
 0000002A  EB 00		        jmp L2
				    .endif
 0000002C			L2:
 0000002C  8B 1D 000000A7 R	    mov ebx,f
 00000032  8B 0D 0000008B R	    mov ecx,ranNum
 00000038  8B 1C 9D		    mov ebx,[arrayUnRaindomized+ebx*4]
	   00000000 R
 0000003F  89 1C 8D		    mov [array+ecx*4],ebx
	   00000030 R
				    .IF f<11
 0000004F  83 05 000000A7 R	        add f,1
	   01
 00000056  EB A8		        jmp L0
				    .ELSE
 0000005A  C3			        RET
				    .ENDIF
 0000005B			RAINDOMIZE ENDP

 0000005B			main PROC
 0000005B  E8 FFFFFFA0		call RAINDOMIZE
 00000060			Main1 PROC
 00000060			INPUTPROC:
				.IF u==0
 00000069  E8 0000054A		    call OUTFIRST
				.ELSE
 00000070  E8 00000566		    call OUTSECOND
				.ENDIF

 00000075			LookForKey PROC
 00000075  B8 00000032		    mov  eax,50          ; sleep, to allow OS to time slice
 0000007A  E8 00000000 E	    call Delay           ; (otherwise, some key presses are lost)

 0000007F  E8 00000000 E	    call ReadKey         ; look for keyboard input
 00000084  74 EF		    jz   LookForKey      ; no key pressed yet
				    


				    ;KeyMapping
				    .IF dx==VK_DOWN
				        .IF i<2
 00000095  83 05 0000006F R	            add i,1
	   01
				        .ENDIF
				        .IF u==0
				            INVOKE GetStdHandle, STD_OUTPUT_HANDLE
 000000AC  A3 000000CB R	            mov consoleHandle,eax
				            INVOKE SetConsoleCursorPosition, consoleHandle, XYPos1
				        .ELSE
				            INVOKE GetStdHandle, STD_OUTPUT_HANDLE
 000000CB  A3 000000CB R	            mov consoleHandle,eax
				            INVOKE SetConsoleCursorPosition, consoleHandle, XYPos
				        .ENDIF
 000000E1  E8 00000000 E	        call Crlf
 000000E6  C7 05 0000007F R	        mov isVisible,0
	   00000000
 000000F0  E8 00000509		        call UPDATECursor
 000000F5  E8 000002FA		        call DrawGUI
 000000FA  E8 000005E7		        call WRITEARRAYSTATUS
				    .ENDIF
				    .IF dx==VK_UP
				        .IF i>0
 0000010E  83 05 0000006F R	            add i,-1
	   FF
				        .ENDIF
				        .IF u==0    ;is it first try?
				            INVOKE GetStdHandle, STD_OUTPUT_HANDLE
 00000125  A3 000000CB R	            mov consoleHandle,eax
				            INVOKE SetConsoleCursorPosition, consoleHandle, XYPos1
				        .ELSE
				            INVOKE GetStdHandle, STD_OUTPUT_HANDLE
 00000144  A3 000000CB R	            mov consoleHandle,eax
				            INVOKE SetConsoleCursorPosition, consoleHandle, XYPos
				        .ENDIF
 0000015A  E8 00000000 E	        call Crlf
 0000015F  C7 05 0000007F R	        mov isVisible,0
	   00000000
 00000169  E8 00000490		        call UPDATECursor
 0000016E  E8 00000281		        call DrawGUI
 00000173  E8 0000056E		        call WRITEARRAYSTATUS

				    .ENDIF
				    .IF dx==VK_LEFT
				        .IF j>0
 00000187  83 05 00000073 R	            add j,-1
	   FF
				        .ENDIF
				        .IF u==0
				            INVOKE GetStdHandle, STD_OUTPUT_HANDLE
 0000019E  A3 000000CB R	            mov consoleHandle,eax
				            INVOKE SetConsoleCursorPosition, consoleHandle, XYPos1
				        .ELSE
				            INVOKE GetStdHandle, STD_OUTPUT_HANDLE
 000001BD  A3 000000CB R	            mov consoleHandle,eax
				            INVOKE SetConsoleCursorPosition, consoleHandle, XYPos
				        .ENDIF
 000001D3  E8 00000000 E	        call Crlf
 000001D8  C7 05 0000007F R	        mov isVisible,0
	   00000000
 000001E2  E8 00000417		        call UPDATECursor
 000001E7  E8 00000208		        call DrawGUI
 000001EC  E8 000004F5		        call WRITEARRAYSTATUS
				    .ENDIF
				    .IF dx==VK_RIGHT
				        .IF j<3
 00000200  83 05 00000073 R	            add j,1
	   01
				        .ENDIF
				        .IF u==0
				            INVOKE GetStdHandle, STD_OUTPUT_HANDLE
 00000217  A3 000000CB R	            mov consoleHandle,eax
				            INVOKE SetConsoleCursorPosition, consoleHandle, XYPos1
				        .ELSE
				            INVOKE GetStdHandle, STD_OUTPUT_HANDLE
 00000236  A3 000000CB R	            mov consoleHandle,eax
				            INVOKE SetConsoleCursorPosition, consoleHandle, XYPos
				        .ENDIF
 0000024C  E8 00000000 E	        call Crlf
 00000251  C7 05 0000007F R	        mov isVisible,0
	   00000000
 0000025B  E8 0000039E		        call UPDATECursor
 00000260  E8 0000018F		        call DrawGUI
 00000265  E8 0000047C		        call WRITEARRAYSTATUS
				    .ENDIF
				    .IF dx==VK_HOME
 00000270  C7 05 00000093 R	        MOV KeyboardSELECT,5
	   00000005
 0000027A  E8 00000428		        call PRINTALL
				    .ENDIF
				    .IF dx==VK_RETURN
 00000289  A1 0000006F R	        mov eax,i
 0000028E  C1 E0 02		        shl eax,2
 00000291  8B 1D 00000073 R	        mov ebx,j
 00000297  03 C3		        add eax,ebx
 00000299  8B 04 85		        mov eax,[array+eax*4]
	   00000030 R
 000002A0  8B D0		        mov edx,eax
				        .if edx!=0
 000002A6  E8 00000000 E	            call Crlf
				            mWrite "You Picked "
 000000CF		     1		.data		
 000000CF 59 6F 75 20 50     1		??0000 BYTE "You Picked ",0	
	   69 63 6B 65 64
	   20 00
 000002AB		     1		.code
 000002AB  52		     1		push	edx
 000002AC  BA 000000CF R     1		mov	edx,OFFSET ??0000
 000002B1  E8 00000000 E     1		call	WriteString
 000002B6  5A		     1		pop	edx
 000002B7  E8 0000042A		            call WRITEARRAYSTATUS
				            mWrite " is "
 000000DB		     1		.data		
 000000DB 20 69 73 20 00     1		??0001 BYTE " is ",0	
 000002BC		     1		.code
 000002BC  52		     1		push	edx
 000002BD  BA 000000DB R     1		mov	edx,OFFSET ??0001
 000002C2  E8 00000000 E     1		call	WriteString
 000002C7  5A		     1		pop	edx
 000002C8  A1 0000006F R	            mov eax,i
 000002CD  C1 E0 02		            shl eax,2
 000002D0  8B 1D 00000073 R	            mov ebx,j
 000002D6  03 C3		            add eax,ebx
				            .if u==0
 000002E1  A3 000000BB R	                mov tempFirstLocation,eax
				            .else
 000002E8  A3 000000BF R	                mov tempSecondLocation,eax
				            .endif
 000002ED  8B 04 85		            mov eax,[array+eax*4]
	   00000030 R
 000002F4  8B D0		            mov edx,eax
				            .if u==0
 000002FF  89 15 00000083 R	                mov Num0,edx
				            .else
 00000307  89 15 00000087 R	                mov Num1,edx
				            .endif
 0000030D  E8 00000000 E	            call writeDec
 00000312  E8 00000000 E	            call Crlf
				        .else
 00000319  E8 000002F8		            call INPUTERROR
				        .endif
				        
				        


 0000031E  C7 05 00000093 R	        MOV KeyboardSELECT,0
	   00000000
				    .ELSE
 0000032A  E9 FFFFFD46		        jmp LookForKey 
				    .ENDIF
 0000032F			    LookForKey ENDP
 0000032F  83 05 0000008F R	add u,1
	   01
				;First time or second time choose
 00000336  83 3D 0000008F R	cmp u,2
	   02
 0000033D  73 06		jae LL1
 0000033F  0F 82 FFFFFD1B	jb INPUTPROC
 00000345			LL1:
 00000345  C7 05 0000008F R	    mov u,0
	   00000000
 0000034F  EB 00		    jmp COMP
 00000351			COMP PROC
				;compare the first number and second number
 00000351  A1 00000083 R	mov eax,Num0
 00000356  8B 1D 00000087 R	mov ebx,Num1

				.IF eax==ebx ;Paired Cards
 00000360  C7 05 0000007F R	    mov isVisible,1
	   00000001
 0000036A  E8 00000176		    call DrawGUI_Two
 0000036F  E8 00000000 E	    call Crlf
				    mWrite "Correct"
 000000E0		     1		.data		
 000000E0 43 6F 72 72 65     1		??0002 BYTE "Correct",0	
	   63 74 00
 00000374		     1		.code
 00000374  52		     1		push	edx
 00000375  BA 000000E0 R     1		mov	edx,OFFSET ??0002
 0000037A  E8 00000000 E     1		call	WriteString
 0000037F  5A		     1		pop	edx
 00000380  E8 00000000 E	    call Crlf
 00000385  E8 000002D1		    call WIN
 0000038A  B8 000007D0		    mov eax , 2000     ;Wait 2 Sec
 0000038F  E8 00000000 E	    call     Delay
				    .IF WinTimes==6 ;All cards Paired?
				        mWrite "You Win"
 000000E8		     1		.data		
 000000E8 59 6F 75 20 57     1		??0003 BYTE "You Win",0	
	   69 6E 00
 0000039D		     1		.code
 0000039D  52		     1		push	edx
 0000039E  BA 000000E8 R     1		mov	edx,OFFSET ??0003
 000003A3  E8 00000000 E     1		call	WriteString
 000003A8  5A		     1		pop	edx
				        exit
				    .ELSE
 000003B2  E8 00000000 E	        call Clrscr
 000003B7  E9 FFFFFCA4		        jmp Main1
				    .endif
				    


				.ELSE   ;Incorrect cards
 000003BE  C7 05 0000007F R	    mov isVisible,1
	   00000001
 000003C8  E8 00000118		    call DrawGUI_Two
				    mWrite "Incorrect"
 000000F0		     1		.data		
 000000F0 49 6E 63 6F 72     1		??0004 BYTE "Incorrect",0	
	   72 65 63 74 00
 000003CD		     1		.code
 000003CD  52		     1		push	edx
 000003CE  BA 000000F0 R     1		mov	edx,OFFSET ??0004
 000003D3  E8 00000000 E     1		call	WriteString
 000003D8  5A		     1		pop	edx
 000003D9  E8 00000000 E	    call Crlf
 000003DE  B8 000007D0		    mov eax , 2000     ;Wait 2 Sec
 000003E3  E8 00000000 E	    call     Delay
 000003E8  E8 00000000 E	    call Clrscr
 000003ED  E9 FFFFFC6E		    jmp Main1
				.ENDIF
 000003F2			COMP ENDP
 000003F2  C3			ret

 000003F3			Main1 ENDP
 000003F3  C3			ret
 000003F4			main ENDP

				;-----------------------------------

				;Draw Array to choose card
 000003F4			DrawGUI PROC
 000003F4			SSS:
 000003F4  33 C0		     xor eax,eax
 000003F6  A1 00000097 R	     mov eax,r
 000003FB  8B C8		     mov ecx,eax
 000003FD  8B 04 85		     mov eax,[array+eax*4]
	   00000030 R
 00000404  8B D0		     mov edx,eax
 00000406  89 15 000000B3 R	     mov tempValueInArray,edx

 0000040C  8B 1D 000000BB R	     mov ebx,tempFirstLocation
				     .IF u==1
				     
				     .ENDIF
				     .IF tempValueInArray==0
				        ;Paired cards
				        mWrite "/"
 000000FA		     1		.data		
 000000FA 2F 00		     1		??0005 BYTE "/",0	
 00000424		     1		.code
 00000424  52		     1		push	edx
 00000425  BA 000000FA R     1		mov	edx,OFFSET ??0005
 0000042A  E8 00000000 E     1		call	WriteString
 0000042F  5A		     1		pop	edx
				     .ELSEIF ecx==CurrentCursor
				        .IF isVisible==1
 00000443  A1 000000B3 R	            mov eax,tempValueInArray
 00000448  E8 00000000 E	            call writeDec
				        .ELSE
				            mWrite "+"
 000000FC		     1		.data		
 000000FC 2B 00		     1		??0006 BYTE "+",0	
 0000044F		     1		.code
 0000044F  52		     1		push	edx
 00000450  BA 000000FC R     1		mov	edx,OFFSET ??0006
 00000455  E8 00000000 E     1		call	WriteString
 0000045A  5A		     1		pop	edx
				        .ENDIF
 0000045B  33 C0		        xor eax,eax
				     .ELSE
				        .IF u==1
				            .IF ecx==ebx
 0000046C  A1 000000BB R	                mov eax,tempFirstLocation
 00000471  8B 04 85		                mov eax,[array+eax*4]
	   00000030 R
 00000478  E8 00000000 E	                call writeDec
				            .ELSE
				                mWrite "*"
 000000FE		     1		.data		
 000000FE 2A 00		     1		??0007 BYTE "*",0	
 0000047F		     1		.code
 0000047F  52		     1		push	edx
 00000480  BA 000000FE R     1		mov	edx,OFFSET ??0007
 00000485  E8 00000000 E     1		call	WriteString
 0000048A  5A		     1		pop	edx
				            .ENDIF
				        .ELSE
				            mWrite "*"
 00000100		     1		.data		
 00000100 2A 00		     1		??0008 BYTE "*",0	
 0000048D		     1		.code
 0000048D  52		     1		push	edx
 0000048E  BA 00000100 R     1		mov	edx,OFFSET ??0008
 00000493  E8 00000000 E     1		call	WriteString
 00000498  5A		     1		pop	edx
				        .ENDIF
				     .ENDIF
				     ;call     DumpRegs
				     ;mWrite "Y"
				    .IF r==3
 000004A2  E8 00000000 E	        call Crlf
				    .ENDIF
				    .IF r==7
 000004B0  E8 00000000 E	        call Crlf
				    .ENDIF
				    .IF r==11
 000004BE  E8 00000000 E	        call Crlf
				    .ENDIF
				.IF r<11
 000004CC  83 05 00000097 R	    add r,1
	   01
 000004D3  E9 FFFFFF1C		    jmp SSS
				.ELSE
				    
				.ENDIF
 000004DA  C7 05 00000097 R	mov r,0
	   00000000
 000004E4  C3			RET
 000004E5			DrawGUI ENDP


				;Draw Array when need to output 2 number in array
 000004E5			DrawGUI_Two PROC
 000004E5			L0:
 000004E5  33 C0		     xor eax,eax
 000004E7  A1 00000097 R	     mov eax,r
 000004EC  8B C8		     mov ecx,eax
 000004EE  8B 04 85		     mov eax,[array+eax*4]
	   00000030 R
 000004F5  A3 000000B3 R	     mov tempValueInArray,eax


 000004FA  8B 1D 000000BB R	     mov ebx,tempFirstLocation
				     .IF eax==0
				        mWrite "/"
 00000102		     1		.data		
 00000102 2F 00		     1		??0009 BYTE "/",0	
 00000504		     1		.code
 00000504  52		     1		push	edx
 00000505  BA 00000102 R     1		mov	edx,OFFSET ??0009
 0000050A  E8 00000000 E     1		call	WriteString
 0000050F  5A		     1		pop	edx
				     .ELSEIF ecx==CurrentCursor
				        .IF isVisible==1
 00000523  A1 000000B7 R	            mov eax,CurrentCursor
 00000528  8B 04 85		            mov eax,[array+eax*4]
	   00000030 R
 0000052F  E8 00000000 E	            call writeDec
				        .ELSE
				            mWrite "+"
 00000104		     1		.data		
 00000104 2B 00		     1		??000A BYTE "+",0	
 00000536		     1		.code
 00000536  52		     1		push	edx
 00000537  BA 00000104 R     1		mov	edx,OFFSET ??000A
 0000053C  E8 00000000 E     1		call	WriteString
 00000541  5A		     1		pop	edx
				        .ENDIF
 00000542  B8 00000000		        mov eax,0
				     .ELSE
				        .IF ecx==ebx
 0000054D  A1 000000BB R	            mov eax,tempFirstLocation
 00000552  8B 04 85		            mov eax,[array+eax*4]
	   00000030 R
 00000559  E8 00000000 E	            call writeDec
				        .ELSE
				            mWrite "*"
 00000106		     1		.data		
 00000106 2A 00		     1		??000B BYTE "*",0	
 00000560		     1		.code
 00000560  52		     1		push	edx
 00000561  BA 00000106 R     1		mov	edx,OFFSET ??000B
 00000566  E8 00000000 E     1		call	WriteString
 0000056B  5A		     1		pop	edx
				        .ENDIF
				     .ENDIF
				     ;mWrite "Y"
				    .IF r==3
 00000575  E8 00000000 E	        call Crlf
				    .ENDIF
				    .IF r==7
 00000583  E8 00000000 E	        call Crlf
				    .ENDIF
				    .IF r==11
 00000591  E8 00000000 E	        call Crlf
				    .ENDIF
				.IF r<11
 0000059F  83 05 00000097 R	    add r,1
	   01
 000005A6  E9 FFFFFF3A		    jmp L0
				.ELSE
 000005AD  C7 05 00000097 R	    mov r,0
	   00000000
				.ENDIF
 000005B7  C3			RET
 000005B8			DrawGUI_Two ENDP







				;Prompt First
 000005B8			OUTFIRST PROC
				mWrite "First Attempt"
 00000108		     1		.data		
 00000108 46 69 72 73 74     1		??000C BYTE "First Attempt",0	
	   20 41 74 74 65
	   6D 70 74 00
 000005B8		     1		.code
 000005B8  52		     1		push	edx
 000005B9  BA 00000108 R     1		mov	edx,OFFSET ??000C
 000005BE  E8 00000000 E     1		call	WriteString
 000005C3  5A		     1		pop	edx
 000005C4  E8 00000000 E	call Crlf
				mWrite "-------"
 00000116		     1		.data		
 00000116 2D 2D 2D 2D 2D     1		??000D BYTE "-------",0	
	   2D 2D 00
 000005C9		     1		.code
 000005C9  52		     1		push	edx
 000005CA  BA 00000116 R     1		mov	edx,OFFSET ??000D
 000005CF  E8 00000000 E     1		call	WriteString
 000005D4  5A		     1		pop	edx
 000005D5  E8 00000000 E	call Crlf
 000005DA  C3			RET
 000005DB			OUTFIRST ENDP


				;Prompt Second
 000005DB			OUTSECOND PROC
				mWrite "-------"
 0000011E		     1		.data		
 0000011E 2D 2D 2D 2D 2D     1		??000E BYTE "-------",0	
	   2D 2D 00
 000005DB		     1		.code
 000005DB  52		     1		push	edx
 000005DC  BA 0000011E R     1		mov	edx,OFFSET ??000E
 000005E1  E8 00000000 E     1		call	WriteString
 000005E6  5A		     1		pop	edx
 000005E7  E8 00000000 E	call Crlf
				mWrite "Second Attempt"
 00000126		     1		.data		
 00000126 53 65 63 6F 6E     1		??000F BYTE "Second Attempt",0	
	   64 20 41 74 74
	   65 6D 70 74 00
 000005EC		     1		.code
 000005EC  52		     1		push	edx
 000005ED  BA 00000126 R     1		mov	edx,OFFSET ??000F
 000005F2  E8 00000000 E     1		call	WriteString
 000005F7  5A		     1		pop	edx
 000005F8  E8 00000000 E	call Crlf
 000005FD  C3			RET
 000005FE			OUTSECOND ENDP



				;Update now cursor location
 000005FE			UPDATECursor PROC
 000005FE  8B 35 0000006F R	mov esi,i
 00000604  C1 E6 02		shl ESI,2
 00000607  8B 3D 00000073 R	mov edi,j
 0000060D  03 F7		add esi,edi
 0000060F  89 35 000000B7 R	mov CurrentCursor,esi
 00000615  C3			RET
 00000616			UPDATECursor ENDP

				;Prompt Picked Before message
 00000616			INPUTERROR PROC

 00000616  E8 00000000 E	call Crlf
				mWrite "You Picked This Before"
 00000135		     1		.data		
 00000135 59 6F 75 20 50     1		??0010 BYTE "You Picked This Before",0	
	   69 63 6B 65 64
	   20 54 68 69 73
	   20 42 65 66 6F
	   72 65 00
 0000061B		     1		.code
 0000061B  52		     1		push	edx
 0000061C  BA 00000135 R     1		mov	edx,OFFSET ??0010
 00000621  E8 00000000 E     1		call	WriteString
 00000626  5A		     1		pop	edx
 00000627  E8 00000000 E	call Crlf
				.IF u==0
 00000635  C7 05 0000008F R	    mov u,-1
	   FFFFFFFF
				.ELSE
 00000641  C7 05 0000008F R	    mov u,0
	   00000000
				.ENDIF
 0000064B  B8 000003E8		mov eax , 1000     ; 1¬í
 00000650  E8 00000000 E	call Delay
 00000655  E8 00000000 E	call Clrscr

 0000065A  C3			RET
 0000065B			INPUTERROR ENDP

				;Modify the win value in array to 0
 0000065B			WIN PROC
 0000065B  A1 000000BB R	    mov eax,tempFirstLocation
 00000660  C7 04 85		    mov [array+eax*4],0
	   00000030 R
	   00000000
 0000066B  A1 000000BF R	    mov eax,tempSecondLocation
 00000670  C7 04 85		    mov [array+eax*4],0
	   00000030 R
	   00000000
 0000067B  C7 05 0000006F R	    mov i,0
	   00000000
 00000685  C7 05 00000073 R	    mov j,0
	   00000000
 0000068F  83 05 00000063 R	    add WinTimes,1
	   01
 00000696  C3			RET
 00000697			WIN ENDP
				;---------------------------------------------------------


				;Random number 0~11
 00000697			RNG PROC
 00000697  B8 0000000C		    mov  eax,12     ;get random 0 to 11
 0000069C  E8 00000000 E	    call RandomRange ;
 000006A1  A3 0000008B R	    mov  ranNum,eax  ;save random number
 000006A6  C3			    RET
 000006A7			RNG ENDP




				;Debugging PRINTALL can trigger by pressing HOME
 000006A7			PRINTALL PROC

 000006A7  A1 000000A3 R	mov eax,g
 000006AC  8B 04 85		mov eax,[array+eax*4]
	   00000030 R
 000006B3  E8 00000000 E	call writeInt
				mWrite ","
 0000014C		     1		.data		
 0000014C 2C 00		     1		??0011 BYTE ",",0	
 000006B8		     1		.code
 000006B8  52		     1		push	edx
 000006B9  BA 0000014C R     1		mov	edx,OFFSET ??0011
 000006BE  E8 00000000 E     1		call	WriteString
 000006C3  5A		     1		pop	edx
				.IF g<11
 000006CD  83 05 000000A3 R	    add g,1
	   01
 000006D4  EB D1		    jmp PRINTALL
				.ENDIF
 000006D6  E8 00000000 E	call Crlf
 000006DB  C7 05 000000A3 R	mov g,0
	   00000000
 000006E5  C3			RET
 000006E6			PRINTALL ENDP

				;Write [A][B] Message
 000006E6			WRITEARRAYSTATUS PROC
				        mWrite "["
 0000014E		     1		.data		
 0000014E 5B 00		     1		??0012 BYTE "[",0	
 000006E6		     1		.code
 000006E6  52		     1		push	edx
 000006E7  BA 0000014E R     1		mov	edx,OFFSET ??0012
 000006EC  E8 00000000 E     1		call	WriteString
 000006F1  5A		     1		pop	edx
 000006F2  A1 0000006F R	        mov eax,i
 000006F7  83 C0 01		        add eax,1
 000006FA  E8 00000000 E	        call WriteDec
				        mWrite "] "
 00000150		     1		.data		
 00000150 5D 20 00	     1		??0013 BYTE "] ",0	
 000006FF		     1		.code
 000006FF  52		     1		push	edx
 00000700  BA 00000150 R     1		mov	edx,OFFSET ??0013
 00000705  E8 00000000 E     1		call	WriteString
 0000070A  5A		     1		pop	edx
				        mWrite "["
 00000153		     1		.data		
 00000153 5B 00		     1		??0014 BYTE "[",0	
 0000070B		     1		.code
 0000070B  52		     1		push	edx
 0000070C  BA 00000153 R     1		mov	edx,OFFSET ??0014
 00000711  E8 00000000 E     1		call	WriteString
 00000716  5A		     1		pop	edx
 00000717  A1 00000073 R	        mov eax,j
 0000071C  83 C0 01		        add eax,1
 0000071F  E8 00000000 E	        call WriteDec
				        mWrite "]"
 00000155		     1		.data		
 00000155 5D 00		     1		??0015 BYTE "]",0	
 00000724		     1		.code
 00000724  52		     1		push	edx
 00000725  BA 00000155 R     1		mov	edx,OFFSET ??0015
 0000072A  E8 00000000 E     1		call	WriteString
 0000072F  5A		     1		pop	edx
 00000730  C3			RET
 00000731			WRITEARRAYSTATUS ENDP
				    

				END main
Microsoft (R) Macro Assembler Version 14.29.30138.0	    01/12/22 14:42:12
main.asm						     Symbols 2 - 1




Macros:

                N a m e                 Type

IsDefined  . . . . . . . . . . .	Func
Startup  . . . . . . . . . . . .	Proc
mDumpMem . . . . . . . . . . . .	Proc
mDump  . . . . . . . . . . . . .	Proc
mGotoxy  . . . . . . . . . . . .	Proc
mReadString  . . . . . . . . . .	Proc
mShowRegister  . . . . . . . . .	Proc
mShow  . . . . . . . . . . . . .	Proc
mWriteLn . . . . . . . . . . . .	Proc
mWriteSpace  . . . . . . . . . .	Proc
mWriteString . . . . . . . . . .	Proc
mWrite . . . . . . . . . . . . .	Proc


Structures and Unions:

                N a m e                  Size
                                         Offset      Type

CONSOLE_CURSOR_INFO  . . . . . .	 00000008
  dwSize . . . . . . . . . . . .	 00000000	 DWord
  bVisible . . . . . . . . . . .	 00000004	 DWord
CONSOLE_SCREEN_BUFFER_INFO . . .	 00000016
  dwSize . . . . . . . . . . . .	 00000000	 DWord
  dwCursorPosition . . . . . . .	 00000004	 DWord
  wAttributes  . . . . . . . . .	 00000008	 Word
  srWindow . . . . . . . . . . .	 0000000A	 QWord
  dwMaximumWindowSize  . . . . .	 00000012	 DWord
COORD  . . . . . . . . . . . . .	 00000004
  X  . . . . . . . . . . . . . .	 00000000	 Word
  Y  . . . . . . . . . . . . . .	 00000002	 Word
FILETIME . . . . . . . . . . . .	 00000008
  loDateTime . . . . . . . . . .	 00000000	 DWord
  hiDateTime . . . . . . . . . .	 00000004	 DWord
FOCUS_EVENT_RECORD . . . . . . .	 00000004
  bSetFocus  . . . . . . . . . .	 00000000	 DWord
FPU_ENVIRON  . . . . . . . . . .	 0000001C
  controlWord  . . . . . . . . .	 00000000	 Word
  statusWord . . . . . . . . . .	 00000004	 Word
  tagWord  . . . . . . . . . . .	 00000008	 Word
  instrPointerOffset . . . . . .	 0000000C	 DWord
  instrPointerSelector . . . . .	 00000010	 DWord
  operandPointerOffset . . . . .	 00000014	 DWord
  operandPointerSelector . . . .	 00000018	 Word
INPUT_RECORD . . . . . . . . . .	 00000014
  EventType  . . . . . . . . . .	 00000000	 Word
  Event  . . . . . . . . . . . .	 00000004	 XmmWord
  bKeyDown . . . . . . . . . . .	 00000000	 DWord
  wRepeatCount . . . . . . . . .	 00000004	 Word
  wVirtualKeyCode  . . . . . . .	 00000006	 Word
  wVirtualScanCode . . . . . . .	 00000008	 Word
  uChar  . . . . . . . . . . . .	 0000000A	 Word
  UnicodeChar  . . . . . . . . .	 00000000	 Word
  AsciiChar  . . . . . . . . . .	 00000000	 Byte
  dwControlKeyState  . . . . . .	 0000000C	 DWord
  dwMousePosition  . . . . . . .	 00000000	 DWord
  dwButtonState  . . . . . . . .	 00000004	 DWord
  dwMouseControlKeyState . . . .	 00000008	 DWord
  dwEventFlags . . . . . . . . .	 0000000C	 DWord
  dwSize . . . . . . . . . . . .	 00000000	 DWord
  dwCommandId  . . . . . . . . .	 00000000	 DWord
  bSetFocus  . . . . . . . . . .	 00000000	 DWord
KEY_EVENT_RECORD . . . . . . . .	 00000010
  bKeyDown . . . . . . . . . . .	 00000000	 DWord
  wRepeatCount . . . . . . . . .	 00000004	 Word
  wVirtualKeyCode  . . . . . . .	 00000006	 Word
  wVirtualScanCode . . . . . . .	 00000008	 Word
  uChar  . . . . . . . . . . . .	 0000000A	 Word
  UnicodeChar  . . . . . . . . .	 00000000	 Word
  AsciiChar  . . . . . . . . . .	 00000000	 Byte
  dwControlKeyState  . . . . . .	 0000000C	 DWord
MENU_EVENT_RECORD  . . . . . . .	 00000004
  dwCommandId  . . . . . . . . .	 00000000	 DWord
MOUSE_EVENT_RECORD . . . . . . .	 00000010
  dwMousePosition  . . . . . . .	 00000000	 DWord
  dwButtonState  . . . . . . . .	 00000004	 DWord
  dwMouseControlKeyState . . . .	 00000008	 DWord
  dwEventFlags . . . . . . . . .	 0000000C	 DWord
SMALL_RECT . . . . . . . . . . .	 00000008
  Left . . . . . . . . . . . . .	 00000000	 Word
  Top  . . . . . . . . . . . . .	 00000002	 Word
  Right  . . . . . . . . . . . .	 00000004	 Word
  Bottom . . . . . . . . . . . .	 00000006	 Word
SYSTEMTIME . . . . . . . . . . .	 00000010
  wYear  . . . . . . . . . . . .	 00000000	 Word
  wMonth . . . . . . . . . . . .	 00000002	 Word
  wDayOfWeek . . . . . . . . . .	 00000004	 Word
  wDay . . . . . . . . . . . . .	 00000006	 Word
  wHour  . . . . . . . . . . . .	 00000008	 Word
  wMinute  . . . . . . . . . . .	 0000000A	 Word
  wSecond  . . . . . . . . . . .	 0000000C	 Word
  wMilliseconds  . . . . . . . .	 0000000E	 Word
WINDOW_BUFFER_SIZE_RECORD  . . .	 00000004
  dwSize . . . . . . . . . . . .	 00000000	 DWord


Segments and Groups:

                N a m e                 Size     Length   Align   Combine Class

FLAT . . . . . . . . . . . . . .	GROUP
STACK  . . . . . . . . . . . . .	32 Bit	 00001000 Para	  Stack	  'STACK'	 
_DATA  . . . . . . . . . . . . .	32 Bit	 00000157 Para	  Public  'DATA'	
_TEXT  . . . . . . . . . . . . .	32 Bit	 00000731 Para	  Public  'CODE'	


Procedures, parameters, and locals:

                N a m e                 Type     Value    Attr

COMP . . . . . . . . . . . . . .	P Near	 00000351 _TEXT	Length= 000000A1 Public STDCALL
CloseFile  . . . . . . . . . . .	P Near	 00000000 FLAT	Length= 00000000 External STDCALL
CloseHandle  . . . . . . . . . .	P Near	 00000000 FLAT	Length= 00000000 External STDCALL
Clrscr . . . . . . . . . . . . .	P Near	 00000000 FLAT	Length= 00000000 External STDCALL
CreateFileA  . . . . . . . . . .	P Near	 00000000 FLAT	Length= 00000000 External STDCALL
CreateOutputFile . . . . . . . .	P Near	 00000000 FLAT	Length= 00000000 External STDCALL
Crlf . . . . . . . . . . . . . .	P Near	 00000000 FLAT	Length= 00000000 External STDCALL
Delay  . . . . . . . . . . . . .	P Near	 00000000 FLAT	Length= 00000000 External STDCALL
DrawGUI_Two  . . . . . . . . . .	P Near	 000004E5 _TEXT	Length= 000000D3 Public STDCALL
  L0 . . . . . . . . . . . . . .	L Near	 000004E5 _TEXT	
DrawGUI  . . . . . . . . . . . .	P Near	 000003F4 _TEXT	Length= 000000F1 Public STDCALL
  SSS  . . . . . . . . . . . . .	L Near	 000003F4 _TEXT	
DumpMem  . . . . . . . . . . . .	P Near	 00000000 FLAT	Length= 00000000 External STDCALL
DumpRegs . . . . . . . . . . . .	P Near	 00000000 FLAT	Length= 00000000 External STDCALL
ExitProcess  . . . . . . . . . .	P Near	 00000000 FLAT	Length= 00000000 External STDCALL
FileTimeToDosDateTime  . . . . .	P Near	 00000000 FLAT	Length= 00000000 External STDCALL
FileTimeToSystemTime . . . . . .	P Near	 00000000 FLAT	Length= 00000000 External STDCALL
FlushConsoleInputBuffer  . . . .	P Near	 00000000 FLAT	Length= 00000000 External STDCALL
FormatMessageA . . . . . . . . .	P Near	 00000000 FLAT	Length= 00000000 External STDCALL
GetCommandLineA  . . . . . . . .	P Near	 00000000 FLAT	Length= 00000000 External STDCALL
GetCommandTail . . . . . . . . .	P Near	 00000000 FLAT	Length= 00000000 External STDCALL
GetConsoleCP . . . . . . . . . .	P Near	 00000000 FLAT	Length= 00000000 External STDCALL
GetConsoleCursorInfo . . . . . .	P Near	 00000000 FLAT	Length= 00000000 External STDCALL
GetConsoleMode . . . . . . . . .	P Near	 00000000 FLAT	Length= 00000000 External STDCALL
GetConsoleScreenBufferInfo . . .	P Near	 00000000 FLAT	Length= 00000000 External STDCALL
GetDateTime  . . . . . . . . . .	P Near	 00000000 FLAT	Length= 00000000 External STDCALL
GetFileTime  . . . . . . . . . .	P Near	 00000000 FLAT	Length= 00000000 External STDCALL
GetKeyState  . . . . . . . . . .	P Near	 00000000 FLAT	Length= 00000000 External STDCALL
GetLastError . . . . . . . . . .	P Near	 00000000 FLAT	Length= 00000000 External STDCALL
GetLocalTime . . . . . . . . . .	P Near	 00000000 FLAT	Length= 00000000 External STDCALL
GetMaxXY . . . . . . . . . . . .	P Near	 00000000 FLAT	Length= 00000000 External STDCALL
GetMseconds  . . . . . . . . . .	P Near	 00000000 FLAT	Length= 00000000 External STDCALL
GetNumberOfConsoleInputEvents  .	P Near	 00000000 FLAT	Length= 00000000 External STDCALL
GetProcessHeap . . . . . . . . .	P Near	 00000000 FLAT	Length= 00000000 External STDCALL
GetStdHandle . . . . . . . . . .	P Near	 00000000 FLAT	Length= 00000000 External STDCALL
GetSystemTime  . . . . . . . . .	P Near	 00000000 FLAT	Length= 00000000 External STDCALL
GetTextColor . . . . . . . . . .	P Near	 00000000 FLAT	Length= 00000000 External STDCALL
GetTickCount . . . . . . . . . .	P Near	 00000000 FLAT	Length= 00000000 External STDCALL
Gotoxy . . . . . . . . . . . . .	P Near	 00000000 FLAT	Length= 00000000 External STDCALL
HeapAlloc  . . . . . . . . . . .	P Near	 00000000 FLAT	Length= 00000000 External STDCALL
HeapCreate . . . . . . . . . . .	P Near	 00000000 FLAT	Length= 00000000 External STDCALL
HeapDestroy  . . . . . . . . . .	P Near	 00000000 FLAT	Length= 00000000 External STDCALL
HeapFree . . . . . . . . . . . .	P Near	 00000000 FLAT	Length= 00000000 External STDCALL
HeapSize . . . . . . . . . . . .	P Near	 00000000 FLAT	Length= 00000000 External STDCALL
INPUTERROR . . . . . . . . . . .	P Near	 00000616 _TEXT	Length= 00000045 Public STDCALL
IsDigit  . . . . . . . . . . . .	P Near	 00000000 FLAT	Length= 00000000 External STDCALL
LocalFree  . . . . . . . . . . .	P Near	 00000000 FLAT	Length= 00000000 External STDCALL
LookForKey . . . . . . . . . . .	P Near	 00000075 _TEXT	Length= 000002BA Public STDCALL
Main1  . . . . . . . . . . . . .	P Near	 00000060 _TEXT	Length= 00000393 Public STDCALL
  INPUTPROC  . . . . . . . . . .	L Near	 00000060 _TEXT	
  LL1  . . . . . . . . . . . . .	L Near	 00000345 _TEXT	
MessageBoxA  . . . . . . . . . .	P Near	 00000000 FLAT	Length= 00000000 External STDCALL
MsgBoxAsk  . . . . . . . . . . .	P Near	 00000000 FLAT	Length= 00000000 External STDCALL
MsgBox . . . . . . . . . . . . .	P Near	 00000000 FLAT	Length= 00000000 External STDCALL
OUTFIRST . . . . . . . . . . . .	P Near	 000005B8 _TEXT	Length= 00000023 Public STDCALL
OUTSECOND  . . . . . . . . . . .	P Near	 000005DB _TEXT	Length= 00000023 Public STDCALL
OpenInputFile  . . . . . . . . .	P Near	 00000000 FLAT	Length= 00000000 External STDCALL
PRINTALL . . . . . . . . . . . .	P Near	 000006A7 _TEXT	Length= 0000003F Public STDCALL
ParseDecimal32 . . . . . . . . .	P Near	 00000000 FLAT	Length= 00000000 External STDCALL
ParseInteger32 . . . . . . . . .	P Near	 00000000 FLAT	Length= 00000000 External STDCALL
PeekConsoleInputA  . . . . . . .	P Near	 00000000 FLAT	Length= 00000000 External STDCALL
RAINDOMIZE . . . . . . . . . . .	P Near	 00000000 _TEXT	Length= 0000005B Public STDCALL
  L0 . . . . . . . . . . . . . .	L Near	 00000000 _TEXT	
  L1 . . . . . . . . . . . . . .	L Near	 0000000A _TEXT	
  L2 . . . . . . . . . . . . . .	L Near	 0000002C _TEXT	
RNG  . . . . . . . . . . . . . .	P Near	 00000697 _TEXT	Length= 00000010 Public STDCALL
Random32 . . . . . . . . . . . .	P Near	 00000000 FLAT	Length= 00000000 External STDCALL
RandomRange  . . . . . . . . . .	P Near	 00000000 FLAT	Length= 00000000 External STDCALL
Randomize  . . . . . . . . . . .	P Near	 00000000 FLAT	Length= 00000000 External STDCALL
ReadChar . . . . . . . . . . . .	P Near	 00000000 FLAT	Length= 00000000 External STDCALL
ReadConsoleA . . . . . . . . . .	P Near	 00000000 FLAT	Length= 00000000 External STDCALL
ReadConsoleInputA  . . . . . . .	P Near	 00000000 FLAT	Length= 00000000 External STDCALL
ReadDec  . . . . . . . . . . . .	P Near	 00000000 FLAT	Length= 00000000 External STDCALL
ReadFile . . . . . . . . . . . .	P Near	 00000000 FLAT	Length= 00000000 External STDCALL
ReadFloat  . . . . . . . . . . .	P Near	 00000000 FLAT	Length= 00000000 External STDCALL
ReadFromFile . . . . . . . . . .	P Near	 00000000 FLAT	Length= 00000000 External STDCALL
ReadHex  . . . . . . . . . . . .	P Near	 00000000 FLAT	Length= 00000000 External STDCALL
ReadInt  . . . . . . . . . . . .	P Near	 00000000 FLAT	Length= 00000000 External STDCALL
ReadKeyFlush . . . . . . . . . .	P Near	 00000000 FLAT	Length= 00000000 External STDCALL
ReadKey  . . . . . . . . . . . .	P Near	 00000000 FLAT	Length= 00000000 External STDCALL
ReadString . . . . . . . . . . .	P Near	 00000000 FLAT	Length= 00000000 External STDCALL
SetConsoleCursorInfo . . . . . .	P Near	 00000000 FLAT	Length= 00000000 External STDCALL
SetConsoleCursorPosition . . . .	P Near	 00000000 FLAT	Length= 00000000 External STDCALL
SetConsoleMode . . . . . . . . .	P Near	 00000000 FLAT	Length= 00000000 External STDCALL
SetConsoleScreenBufferSize . . .	P Near	 00000000 FLAT	Length= 00000000 External STDCALL
SetConsoleTextAttribute  . . . .	P Near	 00000000 FLAT	Length= 00000000 External STDCALL
SetConsoleTitleA . . . . . . . .	P Near	 00000000 FLAT	Length= 00000000 External STDCALL
SetConsoleWindowInfo . . . . . .	P Near	 00000000 FLAT	Length= 00000000 External STDCALL
SetFilePointer . . . . . . . . .	P Near	 00000000 FLAT	Length= 00000000 External STDCALL
SetLocalTime . . . . . . . . . .	P Near	 00000000 FLAT	Length= 00000000 External STDCALL
SetTextColor . . . . . . . . . .	P Near	 00000000 FLAT	Length= 00000000 External STDCALL
ShowFPUStack . . . . . . . . . .	P Near	 00000000 FLAT	Length= 00000000 External STDCALL
Sleep  . . . . . . . . . . . . .	P Near	 00000000 FLAT	Length= 00000000 External STDCALL
StrLength  . . . . . . . . . . .	P Near	 00000000 FLAT	Length= 00000000 External STDCALL
Str_compare  . . . . . . . . . .	P Near	 00000000 FLAT	Length= 00000000 External STDCALL
Str_copy . . . . . . . . . . . .	P Near	 00000000 FLAT	Length= 00000000 External STDCALL
Str_length . . . . . . . . . . .	P Near	 00000000 FLAT	Length= 00000000 External STDCALL
Str_trim . . . . . . . . . . . .	P Near	 00000000 FLAT	Length= 00000000 External STDCALL
Str_ucase  . . . . . . . . . . .	P Near	 00000000 FLAT	Length= 00000000 External STDCALL
SystemTimeToFileTime . . . . . .	P Near	 00000000 FLAT	Length= 00000000 External STDCALL
UPDATECursor . . . . . . . . . .	P Near	 000005FE _TEXT	Length= 00000018 Public STDCALL
WIN  . . . . . . . . . . . . . .	P Near	 0000065B _TEXT	Length= 0000003C Public STDCALL
WRITEARRAYSTATUS . . . . . . . .	P Near	 000006E6 _TEXT	Length= 0000004B Public STDCALL
WaitMsg  . . . . . . . . . . . .	P Near	 00000000 FLAT	Length= 00000000 External STDCALL
WriteBinB  . . . . . . . . . . .	P Near	 00000000 FLAT	Length= 00000000 External STDCALL
WriteBin . . . . . . . . . . . .	P Near	 00000000 FLAT	Length= 00000000 External STDCALL
WriteChar  . . . . . . . . . . .	P Near	 00000000 FLAT	Length= 00000000 External STDCALL
WriteConsoleA  . . . . . . . . .	P Near	 00000000 FLAT	Length= 00000000 External STDCALL
WriteConsoleOutputAttribute  . .	P Near	 00000000 FLAT	Length= 00000000 External STDCALL
WriteConsoleOutputCharacterA . .	P Near	 00000000 FLAT	Length= 00000000 External STDCALL
WriteDec . . . . . . . . . . . .	P Near	 00000000 FLAT	Length= 00000000 External STDCALL
WriteFile  . . . . . . . . . . .	P Near	 00000000 FLAT	Length= 00000000 External STDCALL
WriteFloat . . . . . . . . . . .	P Near	 00000000 FLAT	Length= 00000000 External STDCALL
WriteHexB  . . . . . . . . . . .	P Near	 00000000 FLAT	Length= 00000000 External STDCALL
WriteHex . . . . . . . . . . . .	P Near	 00000000 FLAT	Length= 00000000 External STDCALL
WriteInt . . . . . . . . . . . .	P Near	 00000000 FLAT	Length= 00000000 External STDCALL
WriteStackFrameName  . . . . . .	P Near	 00000000 FLAT	Length= 00000000 External STDCALL
WriteStackFrame  . . . . . . . .	P Near	 00000000 FLAT	Length= 00000000 External STDCALL
WriteString  . . . . . . . . . .	P Near	 00000000 FLAT	Length= 00000000 External STDCALL
WriteToFile  . . . . . . . . . .	P Near	 00000000 FLAT	Length= 00000000 External STDCALL
WriteWindowsMsg  . . . . . . . .	P Near	 00000000 FLAT	Length= 00000000 External STDCALL
main . . . . . . . . . . . . . .	P Near	 0000005B _TEXT	Length= 00000399 Public STDCALL
printf . . . . . . . . . . . . .	P Near	 00000000 FLAT	Length= 00000000 External C
scanf  . . . . . . . . . . . . .	P Near	 00000000 FLAT	Length= 00000000 External C
wsprintfA  . . . . . . . . . . .	P Near	 00000000 FLAT	Length= 00000000 External C


Symbols:

                N a m e                 Type     Value    Attr

??0000 . . . . . . . . . . . . .	Byte	 000000CF _DATA	
??0001 . . . . . . . . . . . . .	Byte	 000000DB _DATA	
??0002 . . . . . . . . . . . . .	Byte	 000000E0 _DATA	
??0003 . . . . . . . . . . . . .	Byte	 000000E8 _DATA	
??0004 . . . . . . . . . . . . .	Byte	 000000F0 _DATA	
??0005 . . . . . . . . . . . . .	Byte	 000000FA _DATA	
??0006 . . . . . . . . . . . . .	Byte	 000000FC _DATA	
??0007 . . . . . . . . . . . . .	Byte	 000000FE _DATA	
??0008 . . . . . . . . . . . . .	Byte	 00000100 _DATA	
??0009 . . . . . . . . . . . . .	Byte	 00000102 _DATA	
??000A . . . . . . . . . . . . .	Byte	 00000104 _DATA	
??000B . . . . . . . . . . . . .	Byte	 00000106 _DATA	
??000C . . . . . . . . . . . . .	Byte	 00000108 _DATA	
??000D . . . . . . . . . . . . .	Byte	 00000116 _DATA	
??000E . . . . . . . . . . . . .	Byte	 0000011E _DATA	
??000F . . . . . . . . . . . . .	Byte	 00000126 _DATA	
??0010 . . . . . . . . . . . . .	Byte	 00000135 _DATA	
??0011 . . . . . . . . . . . . .	Byte	 0000014C _DATA	
??0012 . . . . . . . . . . . . .	Byte	 0000014E _DATA	
??0013 . . . . . . . . . . . . .	Byte	 00000150 _DATA	
??0014 . . . . . . . . . . . . .	Byte	 00000153 _DATA	
??0015 . . . . . . . . . . . . .	Byte	 00000155 _DATA	
@CodeSize  . . . . . . . . . . .	Number	 00000000h   
@DataSize  . . . . . . . . . . .	Number	 00000000h   
@Interface . . . . . . . . . . .	Number	 00000003h   
@Model . . . . . . . . . . . . .	Number	 00000007h   
@code  . . . . . . . . . . . . .	Text   	 _TEXT
@data  . . . . . . . . . . . . .	Text   	 FLAT
@fardata?  . . . . . . . . . . .	Text   	 FLAT
@fardata . . . . . . . . . . . .	Text   	 FLAT
@stack . . . . . . . . . . . . .	Text   	 FLAT
ALT_MASK . . . . . . . . . . . .	Number	 00000003h   
CAPSLOCK_ON  . . . . . . . . . .	Number	 00000080h   
CREATE_ALWAYS  . . . . . . . . .	Number	 00000002h   
CREATE_NEW . . . . . . . . . . .	Number	 00000001h   
CTRL_MASK  . . . . . . . . . . .	Number	 0000000Ch   
CreateFile . . . . . . . . . . .	Text   	 CreateFileA
CurrentCursor  . . . . . . . . .	DWord	 000000B7 _DATA	
DO_NOT_SHARE . . . . . . . . . .	Number	 00000000h   
ENABLE_ECHO_INPUT  . . . . . . .	Number	 00000004h   
ENABLE_LINE_INPUT  . . . . . . .	Number	 00000002h   
ENABLE_MOUSE_INPUT . . . . . . .	Number	 00000010h   
ENABLE_PROCESSED_INPUT . . . . .	Number	 00000001h   
ENABLE_PROCESSED_OUTPUT  . . . .	Number	 00000001h   
ENABLE_WINDOW_INPUT  . . . . . .	Number	 00000008h   
ENABLE_WRAP_AT_EOL_OUTPUT  . . .	Number	 00000002h   
ENHANCED_KEY . . . . . . . . . .	Number	 00000100h   
FALSE  . . . . . . . . . . . . .	Number	 00000000h   
FILE_APPEND_DATA . . . . . . . .	Number	 00000004h   
FILE_ATTRIBUTE_ARCHIVE . . . . .	Number	 00000020h   
FILE_ATTRIBUTE_COMPRESSED  . . .	Number	 00000800h   
FILE_ATTRIBUTE_DEVICE  . . . . .	Number	 00000040h   
FILE_ATTRIBUTE_DIRECTORY . . . .	Number	 00000010h   
FILE_ATTRIBUTE_ENCRYPTED . . . .	Number	 00004000h   
FILE_ATTRIBUTE_HIDDEN  . . . . .	Number	 00000002h   
FILE_ATTRIBUTE_NORMAL  . . . . .	Number	 00000080h   
FILE_ATTRIBUTE_NOT_CONTENT_INDEXED .	Number	 00002000h   
FILE_ATTRIBUTE_OFFLINE . . . . .	Number	 00001000h   
FILE_ATTRIBUTE_READONLY  . . . .	Number	 00000001h   
FILE_ATTRIBUTE_REPARSE_POINT . .	Number	 00000400h   
FILE_ATTRIBUTE_SPARSE_FILE . . .	Number	 00000200h   
FILE_ATTRIBUTE_SYSTEM  . . . . .	Number	 00000004h   
FILE_ATTRIBUTE_TEMPORARY . . . .	Number	 00000100h   
FILE_BEGIN . . . . . . . . . . .	Number	 00000000h   
FILE_CURRENT . . . . . . . . . .	Number	 00000001h   
FILE_DELETE_CHILD  . . . . . . .	Number	 00000040h   
FILE_END . . . . . . . . . . . .	Number	 00000002h   
FILE_READ_DATA . . . . . . . . .	Number	 00000001h   
FILE_SHARE_DELETE  . . . . . . .	Number	 00000004h   
FILE_SHARE_READ  . . . . . . . .	Number	 00000001h   
FILE_SHARE_WRITE . . . . . . . .	Number	 00000002h   
FILE_WRITE_DATA  . . . . . . . .	Number	 00000002h   
FOCUS_EVENT  . . . . . . . . . .	Number	 00000010h   
FORMAT_MESSAGE_ALLOCATE_BUFFER .	Number	 00000100h   
FORMAT_MESSAGE_FROM_SYSTEM . . .	Number	 00001000h   
First_i  . . . . . . . . . . . .	DWord	 00000077 _DATA	
First_j  . . . . . . . . . . . .	DWord	 0000007B _DATA	
FormatMessage  . . . . . . . . .	Text   	 FormatMessageA
GENERIC_ALL  . . . . . . . . . .	Number	 10000000h   
GENERIC_EXECUTE  . . . . . . . .	Number	 20000000h   
GENERIC_READ . . . . . . . . . .	Number	 -80000000h   
GENERIC_WRITE  . . . . . . . . .	Number	 40000000h   
GetCommandLine . . . . . . . . .	Text   	 GetCommandLineA
HANDLE . . . . . . . . . . . . .	Text   	 DWORD
HEAP_GENERATE_EXCEPTIONS . . . .	Number	 00000004h   
HEAP_GROWABLE  . . . . . . . . .	Number	 00000002h   
HEAP_NO_SERIALIZE  . . . . . . .	Number	 00000001h   
HEAP_REALLOC_IN_PLACE_ONLY . . .	Number	 00000010h   
HEAP_ZERO_MEMORY . . . . . . . .	Number	 00000008h   
IDABORT  . . . . . . . . . . . .	Number	 00000003h   
IDCANCEL . . . . . . . . . . . .	Number	 00000002h   
IDCLOSE  . . . . . . . . . . . .	Number	 00000008h   
IDCONTINUE . . . . . . . . . . .	Number	 0000000Bh   
IDHELP . . . . . . . . . . . . .	Number	 00000009h   
IDIGNORE . . . . . . . . . . . .	Number	 00000005h   
IDNO . . . . . . . . . . . . . .	Number	 00000007h   
IDOK . . . . . . . . . . . . . .	Number	 00000001h   
IDRETRY  . . . . . . . . . . . .	Number	 00000004h   
IDTIMEOUT  . . . . . . . . . . .	Number	 00007D00h   
IDTRYAGAIN . . . . . . . . . . .	Number	 0000000Ah   
IDYES  . . . . . . . . . . . . .	Number	 00000006h   
INVALID_HANDLE_VALUE . . . . . .	Number	 -00000001h   
KBDOWN_FLAG  . . . . . . . . . .	Number	 00000001h   
KEY_EVENT  . . . . . . . . . . .	Number	 00000001h   
KEY_MASKS  . . . . . . . . . . .	Number	 0000001Fh   
KeyboardSELECT . . . . . . . . .	DWord	 00000093 _DATA	
LEFT_ALT_PRESSED . . . . . . . .	Number	 00000002h   
LEFT_CTRL_PRESSED  . . . . . . .	Number	 00000008h   
MB_ABORTRETRYIGNORE  . . . . . .	Number	 00000002h   
MB_APPLMODAL . . . . . . . . . .	Number	 00000000h   
MB_CANCELTRYCONTINUE . . . . . .	Number	 00000006h   
MB_DEFBUTTON1  . . . . . . . . .	Number	 00000000h   
MB_DEFBUTTON2  . . . . . . . . .	Number	 00000100h   
MB_DEFBUTTON3  . . . . . . . . .	Number	 00000200h   
MB_DEFBUTTON4  . . . . . . . . .	Number	 00000300h   
MB_HELP  . . . . . . . . . . . .	Number	 00004000h   
MB_ICONASTERISK  . . . . . . . .	Number	 00000040h   
MB_ICONERROR . . . . . . . . . .	Number	 00000010h   
MB_ICONEXCLAMATION . . . . . . .	Number	 00000030h   
MB_ICONHAND  . . . . . . . . . .	Number	 00000010h   
MB_ICONINFORMATION . . . . . . .	Number	 00000040h   
MB_ICONQUESTION  . . . . . . . .	Number	 00000020h   
MB_ICONSTOP  . . . . . . . . . .	Number	 00000010h   
MB_ICONWARNING . . . . . . . . .	Number	 00000030h   
MB_OKCANCEL  . . . . . . . . . .	Number	 00000001h   
MB_OK  . . . . . . . . . . . . .	Number	 00000000h   
MB_RETRYCANCEL . . . . . . . . .	Number	 00000005h   
MB_SYSTEMMODAL . . . . . . . . .	Number	 00001000h   
MB_TASKMODAL . . . . . . . . . .	Number	 00002000h   
MB_USERICON  . . . . . . . . . .	Number	 00000080h   
MB_YESNOCANCEL . . . . . . . . .	Number	 00000003h   
MB_YESNO . . . . . . . . . . . .	Number	 00000004h   
MENU_EVENT . . . . . . . . . . .	Number	 00000008h   
MOUSE_EVENT  . . . . . . . . . .	Number	 00000002h   
MessageBox . . . . . . . . . . .	Text   	 MessageBoxA
MessageOK  . . . . . . . . . . .	Byte	 00000060 _DATA	
NULL . . . . . . . . . . . . . .	Number	 00000000h   
NUMLOCK_ON . . . . . . . . . . .	Number	 00000020h   
Num0 . . . . . . . . . . . . . .	DWord	 00000083 _DATA	
Num1 . . . . . . . . . . . . . .	DWord	 00000087 _DATA	
Num  . . . . . . . . . . . . . .	DWord	 00000067 _DATA	
OPEN_ALWAYS  . . . . . . . . . .	Number	 00000004h   
OPEN_EXISTING  . . . . . . . . .	Number	 00000003h   
PeekConsoleInput . . . . . . . .	Text   	 PeekConsoleInputA
RIGHT_ALT_PRESSED  . . . . . . .	Number	 00000001h   
RIGHT_CTRL_PRESSED . . . . . . .	Number	 00000004h   
ReadConsoleInput . . . . . . . .	Text   	 ReadConsoleInputA
ReadConsole  . . . . . . . . . .	Text   	 ReadConsoleA
SCROLLLOCK_ON  . . . . . . . . .	Number	 00000040h   
SHIFT_MASK . . . . . . . . . . .	Number	 00000010h   
SHIFT_PRESSED  . . . . . . . . .	Number	 00000010h   
STD_ERROR_HANDLE . . . . . . . .	Number	 -0000000Ch   
STD_INPUT_HANDLE . . . . . . . .	Number	 -0000000Ah   
STD_OUTPUT_HANDLE  . . . . . . .	Number	 -0000000Bh   
SetConsoleTitle  . . . . . . . .	Text   	 SetConsoleTitleA
TAB  . . . . . . . . . . . . . .	Number	 00000009h   
TRUE . . . . . . . . . . . . . .	Number	 00000001h   
TRUNCATE_EXISTING  . . . . . . .	Number	 00000005h   
VK_11  . . . . . . . . . . . . .	Number	 000000BDh   
VK_12  . . . . . . . . . . . . .	Number	 000000BBh   
VK_ADD . . . . . . . . . . . . .	Number	 0000006Bh   
VK_BACK  . . . . . . . . . . . .	Number	 00000008h   
VK_CANCEL  . . . . . . . . . . .	Number	 00000003h   
VK_CAPITAL . . . . . . . . . . .	Number	 00000014h   
VK_CLEAR . . . . . . . . . . . .	Number	 0000000Ch   
VK_CONTROL . . . . . . . . . . .	Number	 00000011h   
VK_DECIMAL . . . . . . . . . . .	Number	 0000006Eh   
VK_DELETE  . . . . . . . . . . .	Number	 0000002Eh   
VK_DIVIDE  . . . . . . . . . . .	Number	 0000006Fh   
VK_DOWN  . . . . . . . . . . . .	Number	 00000028h   
VK_END . . . . . . . . . . . . .	Number	 00000023h   
VK_ESCAPE  . . . . . . . . . . .	Number	 0000001Bh   
VK_EXECUTE . . . . . . . . . . .	Number	 0000002Bh   
VK_F10 . . . . . . . . . . . . .	Number	 00000079h   
VK_F11 . . . . . . . . . . . . .	Number	 0000007Ah   
VK_F12 . . . . . . . . . . . . .	Number	 0000007Bh   
VK_F13 . . . . . . . . . . . . .	Number	 0000007Ch   
VK_F14 . . . . . . . . . . . . .	Number	 0000007Dh   
VK_F15 . . . . . . . . . . . . .	Number	 0000007Eh   
VK_F16 . . . . . . . . . . . . .	Number	 0000007Fh   
VK_F17 . . . . . . . . . . . . .	Number	 00000080h   
VK_F18 . . . . . . . . . . . . .	Number	 00000081h   
VK_F19 . . . . . . . . . . . . .	Number	 00000082h   
VK_F1  . . . . . . . . . . . . .	Number	 00000070h   
VK_F20 . . . . . . . . . . . . .	Number	 00000083h   
VK_F21 . . . . . . . . . . . . .	Number	 00000084h   
VK_F22 . . . . . . . . . . . . .	Number	 00000085h   
VK_F23 . . . . . . . . . . . . .	Number	 00000086h   
VK_F24 . . . . . . . . . . . . .	Number	 00000087h   
VK_F2  . . . . . . . . . . . . .	Number	 00000071h   
VK_F3  . . . . . . . . . . . . .	Number	 00000072h   
VK_F4  . . . . . . . . . . . . .	Number	 00000073h   
VK_F5  . . . . . . . . . . . . .	Number	 00000074h   
VK_F6  . . . . . . . . . . . . .	Number	 00000075h   
VK_F7  . . . . . . . . . . . . .	Number	 00000076h   
VK_F8  . . . . . . . . . . . . .	Number	 00000077h   
VK_F9  . . . . . . . . . . . . .	Number	 00000078h   
VK_HELP  . . . . . . . . . . . .	Number	 0000002Fh   
VK_HOME  . . . . . . . . . . . .	Number	 00000024h   
VK_INSERT  . . . . . . . . . . .	Number	 0000002Dh   
VK_LBUTTON . . . . . . . . . . .	Number	 00000001h   
VK_LCONTROL  . . . . . . . . . .	Number	 000000A2h   
VK_LEFT  . . . . . . . . . . . .	Number	 00000025h   
VK_LMENU . . . . . . . . . . . .	Number	 000000A4h   
VK_LSHIFT  . . . . . . . . . . .	Number	 000000A0h   
VK_MENU  . . . . . . . . . . . .	Number	 00000012h   
VK_MULTIPLY  . . . . . . . . . .	Number	 0000006Ah   
VK_NEXT  . . . . . . . . . . . .	Number	 00000022h   
VK_NUMLOCK . . . . . . . . . . .	Number	 00000090h   
VK_NUMPAD0 . . . . . . . . . . .	Number	 00000060h   
VK_NUMPAD1 . . . . . . . . . . .	Number	 00000061h   
VK_NUMPAD2 . . . . . . . . . . .	Number	 00000062h   
VK_NUMPAD3 . . . . . . . . . . .	Number	 00000063h   
VK_NUMPAD4 . . . . . . . . . . .	Number	 00000064h   
VK_NUMPAD5 . . . . . . . . . . .	Number	 00000065h   
VK_NUMPAD6 . . . . . . . . . . .	Number	 00000066h   
VK_NUMPAD7 . . . . . . . . . . .	Number	 00000067h   
VK_NUMPAD8 . . . . . . . . . . .	Number	 00000068h   
VK_NUMPAD9 . . . . . . . . . . .	Number	 00000069h   
VK_PAUSE . . . . . . . . . . . .	Number	 00000013h   
VK_PRINT . . . . . . . . . . . .	Number	 0000002Ah   
VK_PRIOR . . . . . . . . . . . .	Number	 00000021h   
VK_RBUTTON . . . . . . . . . . .	Number	 00000002h   
VK_RCONTROL  . . . . . . . . . .	Number	 000000A3h   
VK_RETURN  . . . . . . . . . . .	Number	 0000000Dh   
VK_RIGHT . . . . . . . . . . . .	Number	 00000027h   
VK_RMENU . . . . . . . . . . . .	Number	 000000A5h   
VK_RSHIFT  . . . . . . . . . . .	Number	 000000A1h   
VK_SCROLL  . . . . . . . . . . .	Number	 00000091h   
VK_SEPARATER . . . . . . . . . .	Number	 0000006Ch   
VK_SHIFT . . . . . . . . . . . .	Number	 00000010h   
VK_SNAPSHOT  . . . . . . . . . .	Number	 0000002Ch   
VK_SPACE . . . . . . . . . . . .	Number	 00000020h   
VK_SUBTRACT  . . . . . . . . . .	Number	 0000006Dh   
VK_TAB . . . . . . . . . . . . .	Number	 00000009h   
VK_UP  . . . . . . . . . . . . .	Number	 00000026h   
WINDOW_BUFFER_SIZE_EVENT . . . .	Number	 00000004h   
WinTimes . . . . . . . . . . . .	DWord	 00000063 _DATA	
WriteConsoleOutputCharacter  . .	Text   	 WriteConsoleOutputCharacterA
WriteConsole . . . . . . . . . .	Text   	 WriteConsoleA
XYPos1 . . . . . . . . . . . . .	COORD	 000000C7 _DATA	
XYPos  . . . . . . . . . . . . .	COORD	 000000C3 _DATA	
arrayUnRaindomized . . . . . . .	DWord	 00000000 _DATA	
array  . . . . . . . . . . . . .	DWord	 00000030 _DATA	
a  . . . . . . . . . . . . . . .	DWord	 000000AB _DATA	
black  . . . . . . . . . . . . .	Number	 00000000h   
blue . . . . . . . . . . . . . .	Number	 00000001h   
brown  . . . . . . . . . . . . .	Number	 00000006h   
b  . . . . . . . . . . . . . . .	DWord	 000000AF _DATA	
consoleHandle  . . . . . . . . .	DWord	 000000CB _DATA	
cyan . . . . . . . . . . . . . .	Number	 00000003h   
exit . . . . . . . . . . . . . .	Text   	 INVOKE ExitProcess,0
f  . . . . . . . . . . . . . . .	DWord	 000000A7 _DATA	
gray . . . . . . . . . . . . . .	Number	 00000008h   
green  . . . . . . . . . . . . .	Number	 00000002h   
g  . . . . . . . . . . . . . . .	DWord	 000000A3 _DATA	
isVisible  . . . . . . . . . . .	DWord	 0000007F _DATA	
i  . . . . . . . . . . . . . . .	DWord	 0000006F _DATA	
j  . . . . . . . . . . . . . . .	DWord	 00000073 _DATA	
lightBlue  . . . . . . . . . . .	Number	 00000009h   
lightCyan  . . . . . . . . . . .	Number	 0000000Bh   
lightGray  . . . . . . . . . . .	Number	 00000007h   
lightGreen . . . . . . . . . . .	Number	 0000000Ah   
lightMagenta . . . . . . . . . .	Number	 0000000Dh   
lightRed . . . . . . . . . . . .	Number	 0000000Ch   
magenta  . . . . . . . . . . . .	Number	 00000005h   
q  . . . . . . . . . . . . . . .	DWord	 0000009F _DATA	
ranNum . . . . . . . . . . . . .	DWord	 0000008B _DATA	
red  . . . . . . . . . . . . . .	Number	 00000004h   
r  . . . . . . . . . . . . . . .	DWord	 00000097 _DATA	
s  . . . . . . . . . . . . . . .	DWord	 0000009B _DATA	
tempFirstLocation  . . . . . . .	DWord	 000000BB _DATA	
tempSecondLocation . . . . . . .	DWord	 000000BF _DATA	
tempValueInArray . . . . . . . .	DWord	 000000B3 _DATA	
u  . . . . . . . . . . . . . . .	DWord	 0000008F _DATA	
white  . . . . . . . . . . . . .	Number	 0000000Fh   
wsprintf . . . . . . . . . . . .	Text   	 wsprintfA
yellow . . . . . . . . . . . . .	Number	 0000000Eh   

	   0 Warnings
	   0 Errors
